Info: Starting: Create block symbol file (.bsf)
Info: qsys-generate /home/andrea/Documents/Tesi_287628/287628/hyperram_system/ip/avs_to_hram_converter/hdl/clkctrl/clkctrl.qsys --block-symbol-file --output-directory=/home/andrea/Documents/Tesi_287628/287628/hyperram_system/ip/avs_to_hram_converter/hdl/clkctrl/clkctrl --family="Cyclone 10 LP" --part=10CL025YE144C8G
Progress: Loading clkctrl/clkctrl.qsys
Progress: Reading input file
Progress: Adding altclkctrl_0 [altclkctrl 22.1]
Progress: Parameterizing module altclkctrl_0
Progress: Building connections
Progress: Parameterizing connections
Progress: Validating
Progress: Done reading input file
: clkctrl.altclkctrl_0: Targeting device family: Cyclone 10 LP.
: clkctrl.altclkctrl_0: Global clock network allows a clock signal to reach all parts of the chip with the same amount of skew. Input port 'clkselect' can be used to switch between four clock inputs.
Info: qsys-generate succeeded.
Info: Finished: Create block symbol file (.bsf)
Info: 
Info: Starting: Create HDL design files for synthesis
Info: qsys-generate /home/andrea/Documents/Tesi_287628/287628/hyperram_system/ip/avs_to_hram_converter/hdl/clkctrl/clkctrl.qsys --synthesis=VHDL --output-directory=/home/andrea/Documents/Tesi_287628/287628/hyperram_system/ip/avs_to_hram_converter/hdl/clkctrl/clkctrl/synthesis --family="Cyclone 10 LP" --part=10CL025YE144C8G
Progress: Loading clkctrl/clkctrl.qsys
Progress: Reading input file
Progress: Adding altclkctrl_0 [altclkctrl 22.1]
Progress: Parameterizing module altclkctrl_0
Progress: Building connections
Progress: Parameterizing connections
Progress: Validating
Progress: Done reading input file
: clkctrl.altclkctrl_0: Targeting device family: Cyclone 10 LP.
: clkctrl.altclkctrl_0: Global clock network allows a clock signal to reach all parts of the chip with the same amount of skew. Input port 'clkselect' can be used to switch between four clock inputs.
Info: clkctrl: Generating clkctrl "clkctrl" for QUARTUS_SYNTH
Info: altclkctrl_0: Generating top-level entity clkctrl_altclkctrl_0.
Info: altclkctrl_0: "clkctrl" instantiated altclkctrl "altclkctrl_0"
Info: clkctrl: Done "clkctrl" with 2 modules, 2 files
Info: qsys-generate succeeded.
Info: Finished: Create HDL design files for synthesis
