------------------------------------------------------------
Timing Analyzer Summary
------------------------------------------------------------

Type  : Slow 1200mV 85C Model Setup 'clk90'
Slack : 1.572
TNS   : 0.000

Type  : Slow 1200mV 85C Model Setup 'hram_RWDS'
Slack : 1.697
TNS   : 0.000

Type  : Slow 1200mV 85C Model Setup 'clk'
Slack : 2.595
TNS   : 0.000

Type  : Slow 1200mV 85C Model Hold 'clk'
Slack : 0.446
TNS   : 0.000

Type  : Slow 1200mV 85C Model Hold 'hram_RWDS'
Slack : 0.454
TNS   : 0.000

Type  : Slow 1200mV 85C Model Hold 'clk90'
Slack : 7.530
TNS   : 0.000

Type  : Slow 1200mV 85C Model Recovery 'clk'
Slack : 7.279
TNS   : 0.000

Type  : Slow 1200mV 85C Model Removal 'clk'
Slack : 0.679
TNS   : 0.000

Type  : Slow 1200mV 85C Model Minimum Pulse Width 'clk'
Slack : 4.595
TNS   : 0.000

Type  : Slow 1200mV 85C Model Minimum Pulse Width 'hram_RWDS'
Slack : 4.711
TNS   : 0.000

Type  : Slow 1200mV 85C Model Minimum Pulse Width 'clk90'
Slack : 4.822
TNS   : 0.000

Type  : Slow 1200mV 0C Model Setup 'hram_RWDS'
Slack : 1.893
TNS   : 0.000

Type  : Slow 1200mV 0C Model Setup 'clk90'
Slack : 2.222
TNS   : 0.000

Type  : Slow 1200mV 0C Model Setup 'clk'
Slack : 2.973
TNS   : 0.000

Type  : Slow 1200mV 0C Model Hold 'clk'
Slack : 0.402
TNS   : 0.000

Type  : Slow 1200mV 0C Model Hold 'hram_RWDS'
Slack : 0.402
TNS   : 0.000

Type  : Slow 1200mV 0C Model Hold 'clk90'
Slack : 6.945
TNS   : 0.000

Type  : Slow 1200mV 0C Model Recovery 'clk'
Slack : 7.239
TNS   : 0.000

Type  : Slow 1200mV 0C Model Removal 'clk'
Slack : 0.641
TNS   : 0.000

Type  : Slow 1200mV 0C Model Minimum Pulse Width 'clk'
Slack : 4.541
TNS   : 0.000

Type  : Slow 1200mV 0C Model Minimum Pulse Width 'hram_RWDS'
Slack : 4.710
TNS   : 0.000

Type  : Slow 1200mV 0C Model Minimum Pulse Width 'clk90'
Slack : 4.839
TNS   : 0.000

Type  : Fast 1200mV 0C Model Setup 'hram_RWDS'
Slack : 3.309
TNS   : 0.000

Type  : Fast 1200mV 0C Model Setup 'clk90'
Slack : 4.692
TNS   : 0.000

Type  : Fast 1200mV 0C Model Setup 'clk'
Slack : 6.134
TNS   : 0.000

Type  : Fast 1200mV 0C Model Hold 'clk'
Slack : 0.151
TNS   : 0.000

Type  : Fast 1200mV 0C Model Hold 'hram_RWDS'
Slack : 0.187
TNS   : 0.000

Type  : Fast 1200mV 0C Model Hold 'clk90'
Slack : 4.893
TNS   : 0.000

Type  : Fast 1200mV 0C Model Recovery 'clk'
Slack : 7.678
TNS   : 0.000

Type  : Fast 1200mV 0C Model Removal 'clk'
Slack : 0.799
TNS   : 0.000

Type  : Fast 1200mV 0C Model Minimum Pulse Width 'clk'
Slack : 4.350
TNS   : 0.000

Type  : Fast 1200mV 0C Model Minimum Pulse Width 'hram_RWDS'
Slack : 4.365
TNS   : 0.000

Type  : Fast 1200mV 0C Model Minimum Pulse Width 'clk90'
Slack : 4.927
TNS   : 0.000

------------------------------------------------------------
