Archive member included to satisfy reference by file (symbol)

../basic_system_bsp//libhal_bsp.a(alt_load.o)
                              ../basic_system_bsp//obj/HAL/src/crt0.o (alt_load)
../basic_system_bsp//libhal_bsp.a(alt_main.o)
                              ../basic_system_bsp//obj/HAL/src/crt0.o (alt_main)
../basic_system_bsp//libhal_bsp.a(alt_sys_init.o)
                              ../basic_system_bsp//libhal_bsp.a(alt_main.o) (alt_irq_init)
../basic_system_bsp//libhal_bsp.a(alt_dcache_flush_all.o)
                              ../basic_system_bsp//libhal_bsp.a(alt_load.o) (alt_dcache_flush_all)
../basic_system_bsp//libhal_bsp.a(alt_icache_flush_all.o)
                              ../basic_system_bsp//libhal_bsp.a(alt_load.o) (alt_icache_flush_all)
../basic_system_bsp//libhal_bsp.a(altera_nios2_gen2_irq.o)
                              ../basic_system_bsp//libhal_bsp.a(alt_sys_init.o) (altera_nios2_gen2_irq_init)
/home/andrea/intelFPGA_lite/22.1std/nios2eds/bin/gnu/H-x86_64-pc-linux-gnu/bin/../lib/gcc/nios2-elf/12.2.1/../../../../../H-x86_64-pc-linux-gnu/nios2-elf/lib/mno-hw-mul/libsmallc.a(lib_a-memcpy.o)
                              ../basic_system_bsp//libhal_bsp.a(alt_load.o) (memcpy)

Memory Configuration

Name             Origin             Length             Attributes
reset            0x0000000000000000 0x0000000000000020
onchip_RAM       0x0000000000000020 0x0000000000000fe0
*default*        0x0000000000000000 0xffffffffffffffff

Linker script and memory map

LOAD ../basic_system_bsp//obj/HAL/src/crt0.o
LOAD obj/default/hello_world_small.o
LOAD /home/andrea/intelFPGA_lite/22.1std/nios2eds/bin/gnu/H-x86_64-pc-linux-gnu/bin/../lib/gcc/nios2-elf/12.2.1/../../../../../H-x86_64-pc-linux-gnu/nios2-elf/lib/mno-hw-mul/libstdc++.a
LOAD /home/andrea/intelFPGA_lite/22.1std/nios2eds/bin/gnu/H-x86_64-pc-linux-gnu/bin/../lib/gcc/nios2-elf/12.2.1/../../../../../H-x86_64-pc-linux-gnu/nios2-elf/lib/mno-hw-mul/libm.a
LOAD /home/andrea/intelFPGA_lite/22.1std/nios2eds/bin/gnu/H-x86_64-pc-linux-gnu/bin/../lib/gcc/nios2-elf/12.2.1/mno-hw-mul/libgcc.a
START GROUP
LOAD /home/andrea/intelFPGA_lite/22.1std/nios2eds/bin/gnu/H-x86_64-pc-linux-gnu/bin/../lib/gcc/nios2-elf/12.2.1/../../../../../H-x86_64-pc-linux-gnu/nios2-elf/lib/mno-hw-mul/libsmallc.a
LOAD /home/andrea/intelFPGA_lite/22.1std/nios2eds/bin/gnu/H-x86_64-pc-linux-gnu/bin/../lib/gcc/nios2-elf/12.2.1/mno-hw-mul/libgcc.a
LOAD ../basic_system_bsp//libhal_bsp.a
LOAD /home/andrea/intelFPGA_lite/22.1std/nios2eds/bin/gnu/H-x86_64-pc-linux-gnu/bin/../lib/gcc/nios2-elf/12.2.1/../../../../../H-x86_64-pc-linux-gnu/nios2-elf/lib/mno-hw-mul/libm.a
END GROUP
LOAD /home/andrea/intelFPGA_lite/22.1std/nios2eds/bin/gnu/H-x86_64-pc-linux-gnu/bin/../lib/gcc/nios2-elf/12.2.1/mno-hw-mul/libgcc.a
                0x0000000000000000                __alt_mem_onchip_RAM = 0x0

.entry          0x0000000000000000       0x20
 *(.entry)
 .entry         0x0000000000000000       0x20 ../basic_system_bsp//obj/HAL/src/crt0.o
                0x0000000000000000                __reset
                0x000000000000000c                _exit

.exceptions     0x0000000000000020        0x0
                0x0000000000000020                PROVIDE (__ram_exceptions_start = ABSOLUTE (.))
                0x0000000000000020                . = ALIGN (0x20)
 *(.irq)
 *(.exceptions.entry.label)
 *(.exceptions.entry.user)
 *(.exceptions.entry.ecc_fatal)
 *(.exceptions.entry)
 *(.exceptions.irqtest.user)
 *(.exceptions.irqtest)
 *(.exceptions.irqhandler.user)
 *(.exceptions.irqhandler)
 *(.exceptions.irqreturn.user)
 *(.exceptions.irqreturn)
 *(.exceptions.notirq.label)
 *(.exceptions.notirq.user)
 *(.exceptions.notirq)
 *(.exceptions.soft.user)
 *(.exceptions.soft)
 *(.exceptions.unknown.user)
 *(.exceptions.unknown)
 *(.exceptions.exit.label)
 *(.exceptions.exit.user)
 *(.exceptions.exit)
 *(.exceptions)
                0x0000000000000020                PROVIDE (__ram_exceptions_end = ABSOLUTE (.))
                0x0000000000000020                PROVIDE (__flash_exceptions_start = LOADADDR (.exceptions))

.text           0x0000000000000020      0x158
                [!provide]                        PROVIDE (stext = ABSOLUTE (.))
 *(.interp)
 *(.hash)
 *(.dynsym)
 *(.dynstr)
 *(.gnu.version)
 *(.gnu.version_d)
 *(.gnu.version_r)
 *(.rel.init)
 *(.rela.init)
 *(.rel.text .rel.text.* .rel.gnu.linkonce.t.*)
 *(.rela.text .rela.text.* .rela.gnu.linkonce.t.*)
 *(.rel.fini)
 *(.rela.fini)
 *(.rel.rodata .rel.rodata.* .rel.gnu.linkonce.r.*)
 *(.rela.rodata .rela.rodata.* .rela.gnu.linkonce.r.*)
 *(.rel.data .rel.data.* .rel.gnu.linkonce.d.*)
 *(.rela.data .rela.data.* .rela.gnu.linkonce.d.*)
 *(.rel.tdata .rel.tdata.* .rel.gnu.linkonce.td.*)
 *(.rela.tdata .rela.tdata.* .rela.gnu.linkonce.td.*)
 *(.rel.tbss .rel.tbss.* .rel.gnu.linkonce.tb.*)
 *(.rela.tbss .rela.tbss.* .rela.gnu.linkonce.tb.*)
 *(.rel.ctors)
 *(.rela.ctors)
 *(.rel.dtors)
 *(.rela.dtors)
 *(.rel.got)
 *(.rela.got)
 *(.rel.sdata .rel.sdata.* .rel.gnu.linkonce.s.*)
 *(.rela.sdata .rela.sdata.* .rela.gnu.linkonce.s.*)
 *(.rel.sbss .rel.sbss.* .rel.gnu.linkonce.sb.*)
 *(.rela.sbss .rela.sbss.* .rela.gnu.linkonce.sb.*)
 *(.rel.sdata2 .rel.sdata2.* .rel.gnu.linkonce.s2.*)
 *(.rela.sdata2 .rela.sdata2.* .rela.gnu.linkonce.s2.*)
 *(.rel.sbss2 .rel.sbss2.* .rel.gnu.linkonce.sb2.*)
 *(.rela.sbss2 .rela.sbss2.* .rela.gnu.linkonce.sb2.*)
 *(.rel.bss .rel.bss.* .rel.gnu.linkonce.b.*)
 *(.rela.bss .rela.bss.* .rela.gnu.linkonce.b.*)
 *(.rel.plt)
 *(.rela.plt)
 *(.rel.dyn)
 *(.init)
 *(.plt)
 *(.text .stub .text.* .gnu.linkonce.t.*)
 .text          0x0000000000000020       0x3c ../basic_system_bsp//obj/HAL/src/crt0.o
                0x0000000000000020                _start
 .text          0x000000000000005c        0x0 obj/default/hello_world_small.o
 .text.startup  0x000000000000005c       0x10 obj/default/hello_world_small.o
                0x000000000000005c                main
 .text          0x000000000000006c       0x84 ../basic_system_bsp//libhal_bsp.a(alt_load.o)
                0x000000000000006c                alt_load
 .text          0x00000000000000f0       0x2c ../basic_system_bsp//libhal_bsp.a(alt_main.o)
                0x00000000000000f0                alt_main
 .text          0x000000000000011c       0x24 ../basic_system_bsp//libhal_bsp.a(alt_sys_init.o)
                0x000000000000011c                alt_irq_init
                0x000000000000013c                alt_sys_init
 .text          0x0000000000000140        0x4 ../basic_system_bsp//libhal_bsp.a(alt_dcache_flush_all.o)
                0x0000000000000140                alt_dcache_flush_all
 .text          0x0000000000000144        0x4 ../basic_system_bsp//libhal_bsp.a(alt_icache_flush_all.o)
                0x0000000000000144                alt_icache_flush_all
 .text          0x0000000000000148        0x8 ../basic_system_bsp//libhal_bsp.a(altera_nios2_gen2_irq.o)
                0x0000000000000148                altera_nios2_gen2_irq_init
 .text          0x0000000000000150        0x0 /home/andrea/intelFPGA_lite/22.1std/nios2eds/bin/gnu/H-x86_64-pc-linux-gnu/bin/../lib/gcc/nios2-elf/12.2.1/../../../../../H-x86_64-pc-linux-gnu/nios2-elf/lib/mno-hw-mul/libsmallc.a(lib_a-memcpy.o)
 .text.memcpy   0x0000000000000150       0x28 /home/andrea/intelFPGA_lite/22.1std/nios2eds/bin/gnu/H-x86_64-pc-linux-gnu/bin/../lib/gcc/nios2-elf/12.2.1/../../../../../H-x86_64-pc-linux-gnu/nios2-elf/lib/mno-hw-mul/libsmallc.a(lib_a-memcpy.o)
                0x0000000000000150                memcpy
 *(.gnu.warning.*)
 *(.fini)
                [!provide]                        PROVIDE (__etext = ABSOLUTE (.))
                [!provide]                        PROVIDE (_etext = ABSOLUTE (.))
                [!provide]                        PROVIDE (etext = ABSOLUTE (.))
 *(.eh_frame_hdr)
                0x0000000000000178                . = ALIGN (0x4)
                [!provide]                        PROVIDE (__preinit_array_start = ABSOLUTE (.))
 *(.preinit_array)
                [!provide]                        PROVIDE (__preinit_array_end = ABSOLUTE (.))
                [!provide]                        PROVIDE (__init_array_start = ABSOLUTE (.))
 *(.init_array)
                [!provide]                        PROVIDE (__init_array_end = ABSOLUTE (.))
                [!provide]                        PROVIDE (__fini_array_start = ABSOLUTE (.))
 *(.fini_array)
                [!provide]                        PROVIDE (__fini_array_end = ABSOLUTE (.))
 *(.eh_frame)
 *(.gcc_except_table .gcc_except_table.*)
 *(.dynamic)
                [!provide]                        PROVIDE (__CTOR_LIST__ = ABSOLUTE (.))
 *(.ctors)
 *(SORT_BY_NAME(.ctors.*))
                [!provide]                        PROVIDE (__CTOR_END__ = ABSOLUTE (.))
                [!provide]                        PROVIDE (__DTOR_LIST__ = ABSOLUTE (.))
 *(.dtors)
 *(SORT_BY_NAME(.dtors.*))
                [!provide]                        PROVIDE (__DTOR_END__ = ABSOLUTE (.))
 *(.jcr)
                0x0000000000000178                . = ALIGN (0x4)

.rodata         0x0000000000000178        0x0
                0x0000000000000178                PROVIDE (__ram_rodata_start = ABSOLUTE (.))
                0x0000000000000178                . = ALIGN (0x4)
 *(.rodata .rodata.* .gnu.linkonce.r.*)
 *(.rodata1)
                0x0000000000000178                . = ALIGN (0x4)
                0x0000000000000178                PROVIDE (__ram_rodata_end = ABSOLUTE (.))
                0x0000000000000178                PROVIDE (__flash_rodata_start = LOADADDR (.rodata))

.rwdata         0x0000000000000178        0x4 load address 0x000000000000017c
                0x0000000000000178                PROVIDE (__ram_rwdata_start = ABSOLUTE (.))
                0x0000000000000178                . = ALIGN (0x4)
 *(.got.plt)
 *(.got)
 *(.data1)
 *(.data .data.* .gnu.linkonce.d.*)
 .data          0x0000000000000178        0x0 ../basic_system_bsp//obj/HAL/src/crt0.o
 .data          0x0000000000000178        0x0 obj/default/hello_world_small.o
 .data          0x0000000000000178        0x0 ../basic_system_bsp//libhal_bsp.a(alt_load.o)
 .data          0x0000000000000178        0x0 ../basic_system_bsp//libhal_bsp.a(alt_main.o)
 .data          0x0000000000000178        0x0 ../basic_system_bsp//libhal_bsp.a(alt_sys_init.o)
 .data          0x0000000000000178        0x0 ../basic_system_bsp//libhal_bsp.a(alt_dcache_flush_all.o)
 .data          0x0000000000000178        0x0 ../basic_system_bsp//libhal_bsp.a(alt_icache_flush_all.o)
 .data          0x0000000000000178        0x0 ../basic_system_bsp//libhal_bsp.a(altera_nios2_gen2_irq.o)
 .data          0x0000000000000178        0x0 /home/andrea/intelFPGA_lite/22.1std/nios2eds/bin/gnu/H-x86_64-pc-linux-gnu/bin/../lib/gcc/nios2-elf/12.2.1/../../../../../H-x86_64-pc-linux-gnu/nios2-elf/lib/mno-hw-mul/libsmallc.a(lib_a-memcpy.o)
                0x0000000000008178                _gp = ABSOLUTE ((. + 0x8000))
                [!provide]                        PROVIDE (gp = _gp)
 *(.rwdata .rwdata.*)
 *(.sdata .sdata.* .gnu.linkonce.s.*)
 .sdata         0x0000000000000178        0x4 ../basic_system_bsp//libhal_bsp.a(alt_sys_init.o)
                0x0000000000000178                jtag_uart
 *(.sdata2 .sdata2.* .gnu.linkonce.s2.*)
                0x000000000000017c                . = ALIGN (0x4)
                0x000000000000017c                _edata = ABSOLUTE (.)
                [!provide]                        PROVIDE (edata = ABSOLUTE (.))
                0x000000000000017c                PROVIDE (__ram_rwdata_end = ABSOLUTE (.))
                0x000000000000017c                PROVIDE (__flash_rwdata_start = LOADADDR (.rwdata))

.bss            0x0000000000000180        0xc
                0x0000000000000180                __bss_start = ABSOLUTE (.)
                [!provide]                        PROVIDE (__sbss_start = ABSOLUTE (.))
                [!provide]                        PROVIDE (___sbss_start = ABSOLUTE (.))
 *(.dynsbss)
 *(.sbss .sbss.* .gnu.linkonce.sb.*)
 .sbss          0x0000000000000180        0xc ../basic_system_bsp//libhal_bsp.a(alt_main.o)
                0x0000000000000180                alt_envp
                0x0000000000000184                alt_argv
                0x0000000000000188                alt_argc
 *(.sbss2 .sbss2.* .gnu.linkonce.sb2.*)
 *(.scommon)
                [!provide]                        PROVIDE (__sbss_end = ABSOLUTE (.))
                [!provide]                        PROVIDE (___sbss_end = ABSOLUTE (.))
 *(.dynbss)
 *(.bss .bss.* .gnu.linkonce.b.*)
 .bss           0x000000000000018c        0x0 ../basic_system_bsp//obj/HAL/src/crt0.o
 .bss           0x000000000000018c        0x0 obj/default/hello_world_small.o
 .bss           0x000000000000018c        0x0 ../basic_system_bsp//libhal_bsp.a(alt_load.o)
 .bss           0x000000000000018c        0x0 ../basic_system_bsp//libhal_bsp.a(alt_main.o)
 .bss           0x000000000000018c        0x0 ../basic_system_bsp//libhal_bsp.a(alt_sys_init.o)
 .bss           0x000000000000018c        0x0 ../basic_system_bsp//libhal_bsp.a(alt_dcache_flush_all.o)
 .bss           0x000000000000018c        0x0 ../basic_system_bsp//libhal_bsp.a(alt_icache_flush_all.o)
 .bss           0x000000000000018c        0x0 ../basic_system_bsp//libhal_bsp.a(altera_nios2_gen2_irq.o)
 .bss           0x000000000000018c        0x0 /home/andrea/intelFPGA_lite/22.1std/nios2eds/bin/gnu/H-x86_64-pc-linux-gnu/bin/../lib/gcc/nios2-elf/12.2.1/../../../../../H-x86_64-pc-linux-gnu/nios2-elf/lib/mno-hw-mul/libsmallc.a(lib_a-memcpy.o)
 *(COMMON)
                0x000000000000018c                . = ALIGN (0x4)
                0x000000000000018c                __bss_end = ABSOLUTE (.)

.onchip_RAM     0x000000000000018c        0x0
                [!provide]                        PROVIDE (_alt_partition_onchip_RAM_start = ABSOLUTE (.))
 *(.onchip_RAM .onchip_RAM. onchip_RAM.*)
                0x000000000000018c                . = ALIGN (0x4)
                [!provide]                        PROVIDE (_alt_partition_onchip_RAM_end = ABSOLUTE (.))
                0x000000000000018c                _end = ABSOLUTE (.)
                0x000000000000018c                end = ABSOLUTE (.)
                0x000000000000018c                __alt_stack_base = ABSOLUTE (.)
                [!provide]                        PROVIDE (_alt_partition_onchip_RAM_load_addr = LOADADDR (.onchip_RAM))

.stab
 *(.stab)

.stabstr
 *(.stabstr)

.stab.excl
 *(.stab.excl)

.stab.exclstr
 *(.stab.exclstr)

.stab.index
 *(.stab.index)

.stab.indexstr
 *(.stab.indexstr)

.comment        0x0000000000000000       0x2d
 *(.comment)
 .comment       0x0000000000000000       0x2d obj/default/hello_world_small.o
                                         0x2e (size before relaxing)
 .comment       0x000000000000002d       0x2e ../basic_system_bsp//libhal_bsp.a(alt_load.o)
 .comment       0x000000000000002d       0x2e ../basic_system_bsp//libhal_bsp.a(alt_main.o)
 .comment       0x000000000000002d       0x2e ../basic_system_bsp//libhal_bsp.a(alt_sys_init.o)
 .comment       0x000000000000002d       0x2e ../basic_system_bsp//libhal_bsp.a(alt_dcache_flush_all.o)
 .comment       0x000000000000002d       0x2e ../basic_system_bsp//libhal_bsp.a(alt_icache_flush_all.o)
 .comment       0x000000000000002d       0x2e ../basic_system_bsp//libhal_bsp.a(altera_nios2_gen2_irq.o)
 .comment       0x000000000000002d       0x2e /home/andrea/intelFPGA_lite/22.1std/nios2eds/bin/gnu/H-x86_64-pc-linux-gnu/bin/../lib/gcc/nios2-elf/12.2.1/../../../../../H-x86_64-pc-linux-gnu/nios2-elf/lib/mno-hw-mul/libsmallc.a(lib_a-memcpy.o)

.debug
 *(.debug)

.line
 *(.line)

.debug_srcinfo
 *(.debug_srcinfo)

.debug_sfnames
 *(.debug_sfnames)

.debug_aranges  0x0000000000000000      0x128
 *(.debug_aranges)
 .debug_aranges
                0x0000000000000000       0x28 ../basic_system_bsp//obj/HAL/src/crt0.o
 .debug_aranges
                0x0000000000000028       0x20 obj/default/hello_world_small.o
 .debug_aranges
                0x0000000000000048       0x20 ../basic_system_bsp//libhal_bsp.a(alt_load.o)
 .debug_aranges
                0x0000000000000068       0x20 ../basic_system_bsp//libhal_bsp.a(alt_main.o)
 .debug_aranges
                0x0000000000000088       0x20 ../basic_system_bsp//libhal_bsp.a(alt_sys_init.o)
 .debug_aranges
                0x00000000000000a8       0x20 ../basic_system_bsp//libhal_bsp.a(alt_dcache_flush_all.o)
 .debug_aranges
                0x00000000000000c8       0x20 ../basic_system_bsp//libhal_bsp.a(alt_icache_flush_all.o)
 .debug_aranges
                0x00000000000000e8       0x20 ../basic_system_bsp//libhal_bsp.a(altera_nios2_gen2_irq.o)
 .debug_aranges
                0x0000000000000108       0x20 /home/andrea/intelFPGA_lite/22.1std/nios2eds/bin/gnu/H-x86_64-pc-linux-gnu/bin/../lib/gcc/nios2-elf/12.2.1/../../../../../H-x86_64-pc-linux-gnu/nios2-elf/lib/mno-hw-mul/libsmallc.a(lib_a-memcpy.o)

.debug_pubnames
 *(.debug_pubnames)

.debug_info     0x0000000000000000      0x829
 *(.debug_info .gnu.linkonce.wi.*)
 .debug_info    0x0000000000000000       0x22 ../basic_system_bsp//obj/HAL/src/crt0.o
 .debug_info    0x0000000000000022       0xa1 obj/default/hello_world_small.o
 .debug_info    0x00000000000000c3      0x239 ../basic_system_bsp//libhal_bsp.a(alt_load.o)
 .debug_info    0x00000000000002fc      0x13e ../basic_system_bsp//libhal_bsp.a(alt_main.o)
 .debug_info    0x000000000000043a      0x127 ../basic_system_bsp//libhal_bsp.a(alt_sys_init.o)
 .debug_info    0x0000000000000561       0x8d ../basic_system_bsp//libhal_bsp.a(alt_dcache_flush_all.o)
 .debug_info    0x00000000000005ee       0x8d ../basic_system_bsp//libhal_bsp.a(alt_icache_flush_all.o)
 .debug_info    0x000000000000067b       0x8d ../basic_system_bsp//libhal_bsp.a(altera_nios2_gen2_irq.o)
 .debug_info    0x0000000000000708      0x121 /home/andrea/intelFPGA_lite/22.1std/nios2eds/bin/gnu/H-x86_64-pc-linux-gnu/bin/../lib/gcc/nios2-elf/12.2.1/../../../../../H-x86_64-pc-linux-gnu/nios2-elf/lib/mno-hw-mul/libsmallc.a(lib_a-memcpy.o)

.debug_abbrev   0x0000000000000000      0x522
 *(.debug_abbrev)
 .debug_abbrev  0x0000000000000000       0x12 ../basic_system_bsp//obj/HAL/src/crt0.o
 .debug_abbrev  0x0000000000000012       0x68 obj/default/hello_world_small.o
 .debug_abbrev  0x000000000000007a      0x12c ../basic_system_bsp//libhal_bsp.a(alt_load.o)
 .debug_abbrev  0x00000000000001a6       0xeb ../basic_system_bsp//libhal_bsp.a(alt_main.o)
 .debug_abbrev  0x0000000000000291      0x107 ../basic_system_bsp//libhal_bsp.a(alt_sys_init.o)
 .debug_abbrev  0x0000000000000398       0x43 ../basic_system_bsp//libhal_bsp.a(alt_dcache_flush_all.o)
 .debug_abbrev  0x00000000000003db       0x43 ../basic_system_bsp//libhal_bsp.a(alt_icache_flush_all.o)
 .debug_abbrev  0x000000000000041e       0x43 ../basic_system_bsp//libhal_bsp.a(altera_nios2_gen2_irq.o)
 .debug_abbrev  0x0000000000000461       0xc1 /home/andrea/intelFPGA_lite/22.1std/nios2eds/bin/gnu/H-x86_64-pc-linux-gnu/bin/../lib/gcc/nios2-elf/12.2.1/../../../../../H-x86_64-pc-linux-gnu/nios2-elf/lib/mno-hw-mul/libsmallc.a(lib_a-memcpy.o)

.debug_line     0x0000000000000000      0x461
 *(.debug_line)
 .debug_line    0x0000000000000000       0x66 ../basic_system_bsp//obj/HAL/src/crt0.o
 .debug_line    0x0000000000000066       0x7f obj/default/hello_world_small.o
 .debug_line    0x00000000000000e5       0xd2 ../basic_system_bsp//libhal_bsp.a(alt_load.o)
 .debug_line    0x00000000000001b7       0xa2 ../basic_system_bsp//libhal_bsp.a(alt_main.o)
 .debug_line    0x0000000000000259       0x8e ../basic_system_bsp//libhal_bsp.a(alt_sys_init.o)
 .debug_line    0x00000000000002e7       0x4e ../basic_system_bsp//libhal_bsp.a(alt_dcache_flush_all.o)
 .debug_line    0x0000000000000335       0x4c ../basic_system_bsp//libhal_bsp.a(alt_icache_flush_all.o)
 .debug_line    0x0000000000000381       0x54 ../basic_system_bsp//libhal_bsp.a(altera_nios2_gen2_irq.o)
 .debug_line    0x00000000000003d5       0x8c /home/andrea/intelFPGA_lite/22.1std/nios2eds/bin/gnu/H-x86_64-pc-linux-gnu/bin/../lib/gcc/nios2-elf/12.2.1/../../../../../H-x86_64-pc-linux-gnu/nios2-elf/lib/mno-hw-mul/libsmallc.a(lib_a-memcpy.o)

.debug_frame    0x0000000000000000      0x134
 *(.debug_frame)
 .debug_frame   0x0000000000000000       0x20 obj/default/hello_world_small.o
 .debug_frame   0x0000000000000020       0x2c ../basic_system_bsp//libhal_bsp.a(alt_load.o)
 .debug_frame   0x000000000000004c       0x2c ../basic_system_bsp//libhal_bsp.a(alt_main.o)
 .debug_frame   0x0000000000000078       0x3c ../basic_system_bsp//libhal_bsp.a(alt_sys_init.o)
 .debug_frame   0x00000000000000b4       0x20 ../basic_system_bsp//libhal_bsp.a(alt_dcache_flush_all.o)
 .debug_frame   0x00000000000000d4       0x20 ../basic_system_bsp//libhal_bsp.a(alt_icache_flush_all.o)
 .debug_frame   0x00000000000000f4       0x20 ../basic_system_bsp//libhal_bsp.a(altera_nios2_gen2_irq.o)
 .debug_frame   0x0000000000000114       0x20 /home/andrea/intelFPGA_lite/22.1std/nios2eds/bin/gnu/H-x86_64-pc-linux-gnu/bin/../lib/gcc/nios2-elf/12.2.1/../../../../../H-x86_64-pc-linux-gnu/nios2-elf/lib/mno-hw-mul/libsmallc.a(lib_a-memcpy.o)

.debug_str      0x0000000000000000      0x38d
 *(.debug_str)
 .debug_str     0x0000000000000000       0x6f ../basic_system_bsp//obj/HAL/src/crt0.o
 .debug_str     0x000000000000006f       0xaf obj/default/hello_world_small.o
                                         0xdb (size before relaxing)
 .debug_str     0x000000000000011e      0x125 ../basic_system_bsp//libhal_bsp.a(alt_load.o)
                                        0x208 (size before relaxing)
 .debug_str     0x0000000000000243       0x4b ../basic_system_bsp//libhal_bsp.a(alt_main.o)
                                        0x138 (size before relaxing)
 .debug_str     0x000000000000028e       0x86 ../basic_system_bsp//libhal_bsp.a(alt_sys_init.o)
                                        0x188 (size before relaxing)
 .debug_str     0x0000000000000314       0xfd ../basic_system_bsp//libhal_bsp.a(alt_dcache_flush_all.o)
 .debug_str     0x0000000000000314       0xfd ../basic_system_bsp//libhal_bsp.a(alt_icache_flush_all.o)
 .debug_str     0x0000000000000314      0x103 ../basic_system_bsp//libhal_bsp.a(altera_nios2_gen2_irq.o)
 .debug_str     0x0000000000000314       0x79 /home/andrea/intelFPGA_lite/22.1std/nios2eds/bin/gnu/H-x86_64-pc-linux-gnu/bin/../lib/gcc/nios2-elf/12.2.1/../../../../../H-x86_64-pc-linux-gnu/nios2-elf/lib/mno-hw-mul/libsmallc.a(lib_a-memcpy.o)
                                        0x115 (size before relaxing)

.debug_loc
 *(.debug_loc)

.debug_macinfo
 *(.debug_macinfo)

.debug_weaknames
 *(.debug_weaknames)

.debug_funcnames
 *(.debug_funcnames)

.debug_typenames
 *(.debug_typenames)

.debug_varnames
 *(.debug_varnames)

.debug_alt_sim_info
                0x0000000000000000       0x10
 *(.debug_alt_sim_info)
 .debug_alt_sim_info
                0x0000000000000000       0x10 ../basic_system_bsp//obj/HAL/src/crt0.o
                0x0000000000001000                __alt_data_end = 0x1000
                0x0000000000001000                PROVIDE (__alt_stack_pointer = __alt_data_end)
                [!provide]                        PROVIDE (__alt_stack_limit = __alt_stack_base)
                [!provide]                        PROVIDE (__alt_heap_start = end)
                [!provide]                        PROVIDE (__alt_heap_limit = 0x1000)
OUTPUT(basic_system.elf elf32-littlenios2)
LOAD linker stubs

.debug_ranges   0x0000000000000000       0x20
 .debug_ranges  0x0000000000000000       0x20 ../basic_system_bsp//obj/HAL/src/crt0.o

.debug_loclists
                0x0000000000000000      0x101
 .debug_loclists
                0x0000000000000000       0x17 obj/default/hello_world_small.o
 .debug_loclists
                0x0000000000000017       0x1e ../basic_system_bsp//libhal_bsp.a(alt_sys_init.o)
 .debug_loclists
                0x0000000000000035       0xcc /home/andrea/intelFPGA_lite/22.1std/nios2eds/bin/gnu/H-x86_64-pc-linux-gnu/bin/../lib/gcc/nios2-elf/12.2.1/../../../../../H-x86_64-pc-linux-gnu/nios2-elf/lib/mno-hw-mul/libsmallc.a(lib_a-memcpy.o)

.debug_rnglists
                0x0000000000000000       0x49
 .debug_rnglists
                0x0000000000000000       0x13 obj/default/hello_world_small.o
 .debug_rnglists
                0x0000000000000013       0x23 ../basic_system_bsp//libhal_bsp.a(alt_load.o)
 .debug_rnglists
                0x0000000000000036       0x13 /home/andrea/intelFPGA_lite/22.1std/nios2eds/bin/gnu/H-x86_64-pc-linux-gnu/bin/../lib/gcc/nios2-elf/12.2.1/../../../../../H-x86_64-pc-linux-gnu/nios2-elf/lib/mno-hw-mul/libsmallc.a(lib_a-memcpy.o)

.debug_line_str
                0x0000000000000000      0x405
 .debug_line_str
                0x0000000000000000       0x8a obj/default/hello_world_small.o
                                         0xff (size before relaxing)
 .debug_line_str
                0x000000000000008a       0xa6 ../basic_system_bsp//libhal_bsp.a(alt_load.o)
                                        0x121 (size before relaxing)
 .debug_line_str
                0x0000000000000130       0x4a ../basic_system_bsp//libhal_bsp.a(alt_main.o)
                                        0x120 (size before relaxing)
 .debug_line_str
                0x000000000000017a       0x4f ../basic_system_bsp//libhal_bsp.a(alt_sys_init.o)
                                        0x131 (size before relaxing)
 .debug_line_str
                0x00000000000001c9       0x1f ../basic_system_bsp//libhal_bsp.a(alt_dcache_flush_all.o)
                                         0xff (size before relaxing)
 .debug_line_str
                0x00000000000001e8       0x1f ../basic_system_bsp//libhal_bsp.a(alt_icache_flush_all.o)
                                         0xff (size before relaxing)
 .debug_line_str
                0x0000000000000207       0x20 ../basic_system_bsp//libhal_bsp.a(altera_nios2_gen2_irq.o)
                                        0x102 (size before relaxing)
 .debug_line_str
                0x0000000000000227      0x1de /home/andrea/intelFPGA_lite/22.1std/nios2eds/bin/gnu/H-x86_64-pc-linux-gnu/bin/../lib/gcc/nios2-elf/12.2.1/../../../../../H-x86_64-pc-linux-gnu/nios2-elf/lib/mno-hw-mul/libsmallc.a(lib_a-memcpy.o)
                                        0x2b5 (size before relaxing)
